------------------------------------------------------------
Timing Analyzer Summary
------------------------------------------------------------

Type  : Slow 1100mV 85C Model Setup 'KEY[0]'
Slack : -4.312
TNS   : -108.844

Type  : Slow 1100mV 85C Model Hold 'KEY[0]'
Slack : 0.769
TNS   : 0.000

Type  : Slow 1100mV 85C Model Minimum Pulse Width 'KEY[0]'
Slack : -0.724
TNS   : -42.273

Type  : Slow 1100mV 0C Model Setup 'KEY[0]'
Slack : -4.643
TNS   : -111.455

Type  : Slow 1100mV 0C Model Hold 'KEY[0]'
Slack : 0.757
TNS   : 0.000

Type  : Slow 1100mV 0C Model Minimum Pulse Width 'KEY[0]'
Slack : -0.724
TNS   : -42.981

Type  : Fast 1100mV 85C Model Setup 'KEY[0]'
Slack : -1.013
TNS   : -19.718

Type  : Fast 1100mV 85C Model Hold 'KEY[0]'
Slack : 0.299
TNS   : 0.000

Type  : Fast 1100mV 85C Model Minimum Pulse Width 'KEY[0]'
Slack : -0.087
TNS   : -3.220

Type  : Fast 1100mV 0C Model Setup 'KEY[0]'
Slack : -0.934
TNS   : -16.355

Type  : Fast 1100mV 0C Model Hold 'KEY[0]'
Slack : 0.292
TNS   : 0.000

Type  : Fast 1100mV 0C Model Minimum Pulse Width 'KEY[0]'
Slack : -0.088
TNS   : -3.211

------------------------------------------------------------
